rimoto@DESKTOP-Q5M4B9I MINGW64 ~/git
$ mkdir git_challenge

rimoto@DESKTOP-Q5M4B9I MINGW64 ~/git
$ cd git_challenge

rimoto@DESKTOP-Q5M4B9I MINGW64 ~/git/git_challenge
$ git init
Initialized empty Git repository in C:/Users/rimoto/git/git_challenge/.git/

rimoto@DESKTOP-Q5M4B9I MINGW64 ~/git/git_challenge (main)
$ echo "Hello, world!" > hello_world.txt

rimoto@DESKTOP-Q5M4B9I MINGW64 ~/git/git_challenge (main)
$ git add hello_world.txt

rimoto@DESKTOP-Q5M4B9I MINGW64 ~/git/git_challenge (main)
$ git commit -m "hello_world.txtを追加"
[main (root-commit) 44552fb] hello_world.txtを追加
 1 file changed, 1 insertion(+)
 create mode 100644 hello_world.txt

rimoto@DESKTOP-Q5M4B9I MINGW64 ~/git/git_challenge (main)
$ echo "こんにちわ、世界！" >> hello_world.txt

rimoto@DESKTOP-Q5M4B9I MINGW64 ~/git/git_challenge (main)
$ git add hello_world.txt

rimoto@DESKTOP-Q5M4B9I MINGW64 ~/git/git_challenge (main)
$ git commit -m "日本語訳を追記"
[main 48dbba9] 日本語訳を追記
 1 file changed, 1 insertion(+)

rimoto@DESKTOP-Q5M4B9I MINGW64 ~/git/git_challenge (main)
$ git log --oneline
48dbba9 (HEAD -> main) 日本語訳を追記
44552fb hello_world.txtを追加